// Jest Snapshot v1, https://goo.gl/fbAQLP

exports[`Help Icon component should render as expected 1`] = `
<i
  aria-hidden="true"
  className="help circle outline icon"
  data-bdd-selector="test label nameHelpIcon"
/>
`;
